{
  "version": "1.5.0",
  "plugins_used": [
    {
      "name": "ArtifactoryDetector"
    },
    {
      "name": "AWSKeyDetector"
    },
    {
      "name": "AzureStorageKeyDetector"
    },
    {
      "name": "Base64HighEntropyString",
      "limit": 4.5
    },
    {
      "name": "BasicAuthDetector"
    },
    {
      "name": "CloudantDetector"
    },
    {
      "name": "DiscordBotTokenDetector"
    },
    {
      "name": "GitHubTokenDetector"
    },
    {
      "name": "GitLabTokenDetector"
    },
    {
      "name": "HexHighEntropyString",
      "limit": 3.0
    },
    {
      "name": "IbmCloudIamDetector"
    },
    {
      "name": "IbmCosHmacDetector"
    },
    {
      "name": "IPPublicDetector"
    },
    {
      "name": "JwtTokenDetector"
    },
    {
      "name": "KeywordDetector",
      "keyword_exclude": ""
    },
    {
      "name": "MailchimpDetector"
    },
    {
      "name": "NpmDetector"
    },
    {
      "name": "OpenAIDetector"
    },
    {
      "name": "PrivateKeyDetector"
    },
    {
      "name": "PypiTokenDetector"
    },
    {
      "name": "SendGridDetector"
    },
    {
      "name": "SlackDetector"
    },
    {
      "name": "SoftlayerDetector"
    },
    {
      "name": "SquareOAuthDetector"
    },
    {
      "name": "StripeDetector"
    },
    {
      "name": "TelegramBotTokenDetector"
    },
    {
      "name": "TwilioKeyDetector"
    }
  ],
  "filters_used": [
    {
      "path": "detect_secrets.filters.allowlist.is_line_allowlisted"
    },
    {
      "path": "detect_secrets.filters.common.is_ignored_due_to_verification_policies",
      "min_level": 2
    },
    {
      "path": "detect_secrets.filters.heuristic.is_indirect_reference"
    },
    {
      "path": "detect_secrets.filters.heuristic.is_likely_id_string"
    },
    {
      "path": "detect_secrets.filters.heuristic.is_lock_file"
    },
    {
      "path": "detect_secrets.filters.heuristic.is_not_alphanumeric_string"
    },
    {
      "path": "detect_secrets.filters.heuristic.is_potential_uuid"
    },
    {
      "path": "detect_secrets.filters.heuristic.is_prefixed_with_dollar_sign"
    },
    {
      "path": "detect_secrets.filters.heuristic.is_sequential_string"
    },
    {
      "path": "detect_secrets.filters.heuristic.is_swagger_file"
    },
    {
      "path": "detect_secrets.filters.heuristic.is_templated_secret"
    }
  ],
  "results": {
    ".env.example": [
      {
        "type": "Basic Auth Credentials",
        "filename": ".env.example",
        "hashed_secret": "96bff085ea1437b63e75d4c22a54ad1d7ba34dcb",
        "is_verified": false,
        "line_number": 38
      }
    ],
    "backend\\services\\common\\redact.py": [
      {
        "type": "Basic Auth Credentials",
        "filename": "backend\\services\\common\\redact.py",
        "hashed_secret": "9d4e1e23bd5b727046a9e3b4b7db57bd8d6ee684",
        "is_verified": false,
        "line_number": 23
      }
    ],
    "backend\\tests\\test_media_signing.py": [
      {
        "type": "Secret Keyword",
        "filename": "backend\\tests\\test_media_signing.py",
        "hashed_secret": "d5a9090f0bfe2af8990dcff6bb803721f0f88cb5",
        "is_verified": false,
        "line_number": 22
      }
    ],
    "reports\\evidence\\anpr-accuracy-2026-08-27T04-52-15Z.json": [
      {
        "type": "Hex High Entropy String",
        "filename": "reports\\evidence\\anpr-accuracy-2026-08-27T04-52-15Z.json",
        "hashed_secret": "74b573add027345c7018447ad8aed73c905901da",
        "is_verified": false,
        "line_number": 5
      }
    ],
    "reports\\evidence\\anpr-accuracy-2026-08-27T07-47-36Z.json": [
      {
        "type": "Hex High Entropy String",
        "filename": "reports\\evidence\\anpr-accuracy-2026-08-27T07-47-36Z.json",
        "hashed_secret": "6c08c7d687b7768f51dde86f4928d8d3f92a1503",
        "is_verified": false,
        "line_number": 5
      }
    ],
    "reports\\evidence\\anpr-accuracy-2026-08-27T08-00-27Z.json": [
      {
        "type": "Hex High Entropy String",
        "filename": "reports\\evidence\\anpr-accuracy-2026-08-27T08-00-27Z.json",
        "hashed_secret": "6c08c7d687b7768f51dde86f4928d8d3f92a1503",
        "is_verified": false,
        "line_number": 5
      }
    ],
    "reports\\evidence\\anpr-accuracy-2026-08-27T08-07-19Z.json": [
      {
        "type": "Hex High Entropy String",
        "filename": "reports\\evidence\\anpr-accuracy-2026-08-27T08-07-19Z.json",
        "hashed_secret": "6c08c7d687b7768f51dde86f4928d8d3f92a1503",
        "is_verified": false,
        "line_number": 5
      }
    ],
    "reports\\evidence\\anpr-accuracy-2026-08-27T08-59-47Z.json": [
      {
        "type": "Hex High Entropy String",
        "filename": "reports\\evidence\\anpr-accuracy-2026-08-27T08-59-47Z.json",
        "hashed_secret": "6c08c7d687b7768f51dde86f4928d8d3f92a1503",
        "is_verified": false,
        "line_number": 5
      }
    ],
    "reports\\evidence\\anpr-run-2026-08-26T01-32-44Z.json": [
      {
        "type": "Hex High Entropy String",
        "filename": "reports\\evidence\\anpr-run-2026-08-26T01-32-44Z.json",
        "hashed_secret": "2a881481454f5a22421859b3a5cef26a0c63762e",
        "is_verified": false,
        "line_number": 5
      }
    ],
    "reports\\evidence\\benchmarks-2026-08-26T13-49-49Z.json": [
      {
        "type": "Hex High Entropy String",
        "filename": "reports\\evidence\\benchmarks-2026-08-26T13-49-49Z.json",
        "hashed_secret": "0d29640a4875432b13c91f935f56b5a39298dced",
        "is_verified": false,
        "line_number": 5
      }
    ],
    "reports\\evidence\\benchmarks-2026-08-26T13-54-51Z.json": [
      {
        "type": "Hex High Entropy String",
        "filename": "reports\\evidence\\benchmarks-2026-08-26T13-54-51Z.json",
        "hashed_secret": "0d29640a4875432b13c91f935f56b5a39298dced",
        "is_verified": false,
        "line_number": 5
      }
    ],
    "reports\\evidence\\benchmarks-2026-08-26T13-56-28Z.json": [
      {
        "type": "Hex High Entropy String",
        "filename": "reports\\evidence\\benchmarks-2026-08-26T13-56-28Z.json",
        "hashed_secret": "0d29640a4875432b13c91f935f56b5a39298dced",
        "is_verified": false,
        "line_number": 5
      }
    ],
    "reports\\evidence\\catalogue-probe-2026-08-25T16-39-30Z.json": [
      {
        "type": "Hex High Entropy String",
        "filename": "reports\\evidence\\catalogue-probe-2026-08-25T16-39-30Z.json",
        "hashed_secret": "b643e30bb3c923b4bf5e670d8c16e65833ded775",
        "is_verified": false,
        "line_number": 5
      }
    ],
    "reports\\evidence\\catalogue-probe-2026-08-26T21-07-28Z.json": [
      {
        "type": "Hex High Entropy String",
        "filename": "reports\\evidence\\catalogue-probe-2026-08-26T21-07-28Z.json",
        "hashed_secret": "61a622eeb481edbedef90d2e14c120f3dd827ca9",
        "is_verified": false,
        "line_number": 5
      }
    ],
    "reports\\evidence\\detection-report-2026-08-26T14-02-27Z.json": [
      {
        "type": "Hex High Entropy String",
        "filename": "reports\\evidence\\detection-report-2026-08-26T14-02-27Z.json",
        "hashed_secret": "838cbe4f72979ad63614bbe4eb5ab1a4b4bb289e",
        "is_verified": false,
        "line_number": 5
      }
    ],
    "reports\\evidence\\preflight-2026-08-27T13-59-38Z.json": [
      {
        "type": "Hex High Entropy String",
        "filename": "reports\\evidence\\preflight-2026-08-27T13-59-38Z.json",
        "hashed_secret": "6f8675a2c1a8950b857a367b1604aac19c1680c6",
        "is_verified": false,
        "line_number": 5
      }
    ],
    "reports\\evidence\\preflight-2026-08-27T14-05-30Z.json": [
      {
        "type": "Hex High Entropy String",
        "filename": "reports\\evidence\\preflight-2026-08-27T14-05-30Z.json",
        "hashed_secret": "6f8675a2c1a8950b857a367b1604aac19c1680c6",
        "is_verified": false,
        "line_number": 5
      }
    ],
    "reports\\evidence\\preflight-2026-08-27T14-11-24Z.json": [
      {
        "type": "Hex High Entropy String",
        "filename": "reports\\evidence\\preflight-2026-08-27T14-11-24Z.json",
        "hashed_secret": "6f8675a2c1a8950b857a367b1604aac19c1680c6",
        "is_verified": false,
        "line_number": 5
      }
    ]
  },
  "generated_at": "2026-08-31T04:21:28Z"
}
